﻿
> vite_react_shadcn_ts@0.0.1 build
> vite build

[36mvite v5.4.21 [32mbuilding for production...[36m[39m
transforming...
[32mΓ£ô[39m 123 modules transformed.

PWA v0.19.8
mode      generateSW
precache  68 entries (9017.41 KiB)
files generated
  dist/sw.js
  dist/workbox-1d305bb8.js
node.exe : warnings
At line:1 char:1
+ & "C:\Program Files\nodejs/node.exe" 
"C:\Program Files\nodejs/node_mo ...
+ ~~~~~~~~~~~~~~~~~~~~~~~~~~~~~~~~~~~~~~~~~~~~~~~~
~~~~~~~~~~~~~~~~~~~~~
    + CategoryInfo          : NotSpecified: (warn 
   ings:String) [], RemoteException
    + FullyQualifiedErrorId : NativeCommandError
 
  favicon_black.svg is 2.25 MB, and won't be 
precached. Configure 
maximumFileSizeToCacheInBytes to change this 
limit.

[31mx[39m Build failed in 8.85s
[31merror during build:
[31m[vite-plugin-pwa:build] [plugin 
vite-plugin-pwa:build] 
src/components/orbit/Home.tsx: There was an error 
during the build:
  Could not resolve "./CometDiceLoaderCanvas" 
from "src/components/orbit/Home.tsx"
Additionally, handling the error in the 
'buildEnd' hook caused the following error:
  Could not resolve "./CometDiceLoaderCanvas" 
from "src/components/orbit/Home.tsx"[31m
file: [36mC:/Users/Adnan/Desktop/Orbit_SaaS/src/c
omponents/orbit/Home.tsx[31m
    at getRollupError (file:///C:/Users/Adnan/Desk
top/Orbit_SaaS/node_modules/rollup/dist/es/shared/
parseAst.js:402:41)
    at file:///C:/Users/Adnan/Desktop/Orbit_SaaS/n
ode_modules/rollup/dist/es/shared/node-entry.js:23
467:39
    at async catchUnfinishedHookActions (file:///C
:/Users/Adnan/Desktop/Orbit_SaaS/node_modules/roll
up/dist/es/shared/node-entry.js:22925:16)
    at async rollupInternal (file:///C:/Users/Adna
n/Desktop/Orbit_SaaS/node_modules/rollup/dist/es/s
hared/node-entry.js:23450:5)
    at async build (file:///C:/Users/Adnan/Desktop
/Orbit_SaaS/node_modules/vite/dist/node/chunks/dep
-BK3b2jBa.js:65709:14)
    at async CAC.<anonymous> (file:///C:/Users/Adn
an/Desktop/Orbit_SaaS/node_modules/vite/dist/node/
cli.js:829:5)[39m
